// Jest Snapshot v1, https://goo.gl/fbAQLP

exports[`button 是个 div 1`] = `
<div>
  <svg
    className="ree-icon"
  >
    <use
      xlinkHref="#wechat"
    />
  </svg>
  <svg
    className="ree-icon"
  >
    <use
      xlinkHref="#apple"
    />
  </svg>
  <svg
    className="ree-icon testClassName"
    onClick={[Function]}
    onMouseEnter={[Function]}
    onMouseLeave={[Function]}
  >
    <use
      xlinkHref="#apple"
    />
  </svg>
</div>
`;
